<html>
<body>
<pre>
<h1>礦ision Build Log</h1>
<h2>Tool Versions:</h2>
IDE-Version: μVision V5.23.0.0
Copyright (C) 2017 ARM Ltd and ARM Germany GmbH. All rights reserved.
License Information: E User, E, LIC=SDARA-15NHS-5T93W-Q1PT9-7MG30-FH9NA
 
Tool Versions:
Toolchain:       MDK-ARM Plus  Version: 5.23
Toolchain Path:  D:\control\Keil_v5\ARM\ARMCC\Bin
C Compiler:      Armcc.exe V5.06 update 4 (build 422)
Assembler:       Armasm.exe V5.06 update 4 (build 422)
Linker/Locator:  ArmLink.exe V5.06 update 4 (build 422)
Library Manager: ArmAr.exe V5.06 update 4 (build 422)
Hex Converter:   FromElf.exe V5.06 update 4 (build 422)
CPU DLL:         SARMCM3.DLL V5.23
Dialog DLL:      DARMSTM.DLL V1.68.0.0
Target DLL:      UL2CM3.DLL V1.159.7.0
Dialog DLL:      TARMSTM.DLL V1.66.0.0
 
<h2>Project:</h2>
E:\MyProj\Project\数字传感器\程序\单片机\20170716\rt-thread-master\bsp\stm32f10x\project.uvproj
Project File Date:  07/16/2017

<h2>Output:</h2>
*** Using Compiler 'V5.06 update 4 (build 422)', folder: 'D:\control\Keil_v5\ARM\ARMCC\Bin'
Rebuild target 'rtthread-stm32'
compiling board.c...
compiling startup.c...
compiling application.c...
compiling led.c...
compiling stm32f10x_it.c...
compiling usart.c...
compiling gpio.c...
compiling flash.c...
compiling adc.c...
compiling system_stm32f10x.c...
compiling stm32f10x_crc.c...
compiling stm32f10x_rcc.c...
compiling stm32f10x_pwr.c...
compiling stm32f10x_wwdg.c...
compiling stm32f10x_bkp.c...
compiling stm32f10x_exti.c...
compiling stm32f10x_i2c.c...
compiling stm32f10x_adc.c...
compiling stm32f10x_rtc.c...
compiling stm32f10x_fsmc.c...
compiling stm32f10x_tim.c...
compiling stm32f10x_iwdg.c...
compiling stm32f10x_flash.c...
compiling stm32f10x_sdio.c...
compiling stm32f10x_gpio.c...
compiling stm32f10x_usart.c...
compiling stm32f10x_dbgmcu.c...
compiling stm32f10x_dma.c...
assembling startup_stm32f10x_md.s...
compiling stm32f10x_cec.c...
compiling misc.c...
compiling stm32f10x_dac.c...
compiling stm32f10x_can.c...
compiling clock.c...
compiling stm32f10x_spi.c...
compiling components.c...
compiling device.c...
compiling idle.c...
compiling irq.c...
compiling ipc.c...
compiling mem.c...
compiling kservice.c...
compiling mempool.c...
compiling object.c...
compiling scheduler.c...
compiling thread.c...
compiling cpuport.c...
..\..\libcpu\arm\cortex-m3\cpuport.c(296): warning:  #177-D: variable "context"  was declared but never referenced
      struct stack_frame* context = &exception_info->stack_frame;
..\..\libcpu\arm\cortex-m3\cpuport.c: 1 warning, 0 errors
compiling timer.c...
assembling context_rvds.S...
compiling div0.c...
compiling showmem.c...
compiling backtrace.c...
compiling pin.c...
compiling completion.c...
compiling serial.c...
compiling dataqueue.c...
compiling pipe.c...
compiling portal.c...
compiling mbfuncdiag.c...
compiling ringbuffer.c...
compiling workqueue.c...
compiling mbcrc.c...
compiling mbutils.c...
compiling mbfuncother.c...
compiling port.c...
compiling mbfuncdisc.c...
compiling mbfunccoils.c...
compiling mbfuncholding.c...
compiling mbfuncinput.c...
compiling mbrtu.c...
compiling mb.c...
..\..\components\net\freemodbus\modbus\mb.c(67): warning:  #550-D: variable "eMBCurrentMode"  was set but never used
  static eMBMode  eMBCurrentMode;
..\..\components\net\freemodbus\modbus\mb.c: 1 warning, 0 errors
compiling portevent.c...
compiling portserial.c...
compiling porttimer.c...
compiling user_mb_app.c...
linking...
Program Size: Code=35944 RO-data=3796 RW-data=576 ZI-data=8024  
After Build - User command #1: fromelf --bin .\build\rtthread-stm32.axf --output rtthread.bin
".\build\rtthread-stm32.axf" - 0 Error(s), 2 Warning(s).
Build Time Elapsed:  00:01:18
</pre>
</body>
</html>
