<html>
<body>
<pre>
<h1>礦ision Build Log</h1>
<h2>Tool Versions:</h2>
IDE-Version: μVision V5.23.0.0
Copyright (C) 2017 ARM Ltd and ARM Germany GmbH. All rights reserved.
License Information: E User, E, LIC=SDARA-15NHS-5T93W-Q1PT9-7MG30-FH9NA
 
Tool Versions:
Toolchain:       MDK-ARM Plus  Version: 5.23
Toolchain Path:  D:\control\Keil_v5\ARM\ARMCC\Bin
C Compiler:      Armcc.exe V5.06 update 4 (build 422)
Assembler:       Armasm.exe V5.06 update 4 (build 422)
Linker/Locator:  ArmLink.exe V5.06 update 4 (build 422)
Library Manager: ArmAr.exe V5.06 update 4 (build 422)
Hex Converter:   FromElf.exe V5.06 update 4 (build 422)
CPU DLL:         SARMCM3.DLL V5.23
Dialog DLL:      DARMSTM.DLL V1.68.0.0
Target DLL:      UL2CM3.DLL V1.159.7.0
Dialog DLL:      TARMSTM.DLL V1.66.0.0
 
<h2>Project:</h2>
E:\MyProj\Project\数字传感器\程序\单片机\rt-thread-master\bsp\stm32f10x\project.uvproj
Project File Date:  07/14/2017

<h2>Output:</h2>
*** Using Compiler 'V5.06 update 4 (build 422)', folder: 'D:\control\Keil_v5\ARM\ARMCC\Bin'
Rebuild target 'rtthread-stm32'
compiling board.c...
compiling startup.c...
compiling application.c...
applications\application.c(142): warning:  #550-D: variable "ucSlaveAddress"  was set but never used
  	UCHAR ucSlaveAddress = 1;
applications\application.c(143): warning:  #550-D: variable "ulBaudRate"  was set but never used
  	ULONG ulBaudRate = 0;
applications\application.c(144): warning:  #550-D: variable "eParity"  was set but never used
  	eMBParity eParity;
applications\application.c: 3 warnings, 0 errors
compiling stm32f10x_it.c...
compiling led.c...
compiling usart.c...
compiling gpio.c...
compiling flash.c...
compiling adc.c...
compiling stm32f10x_crc.c...
compiling system_stm32f10x.c...
compiling stm32f10x_rcc.c...
compiling stm32f10x_wwdg.c...
compiling stm32f10x_exti.c...
compiling stm32f10x_pwr.c...
compiling stm32f10x_bkp.c...
compiling stm32f10x_i2c.c...
compiling stm32f10x_adc.c...
compiling stm32f10x_dac.c...
compiling stm32f10x_fsmc.c...
compiling stm32f10x_rtc.c...
compiling stm32f10x_iwdg.c...
compiling stm32f10x_spi.c...
compiling stm32f10x_tim.c...
compiling stm32f10x_flash.c...
compiling stm32f10x_sdio.c...
compiling stm32f10x_gpio.c...
compiling stm32f10x_dbgmcu.c...
compiling stm32f10x_usart.c...
compiling stm32f10x_dma.c...
compiling stm32f10x_can.c...
compiling stm32f10x_cec.c...
assembling startup_stm32f10x_md.s...
compiling clock.c...
compiling components.c...
compiling device.c...
compiling idle.c...
compiling ipc.c...
compiling misc.c...
compiling irq.c...
compiling mem.c...
compiling mempool.c...
compiling kservice.c...
compiling object.c...
compiling scheduler.c...
compiling thread.c...
assembling context_rvds.S...
compiling cpuport.c...
..\..\libcpu\arm\cortex-m3\cpuport.c(296): warning:  #177-D: variable "context"  was declared but never referenced
      struct stack_frame* context = &exception_info->stack_frame;
..\..\libcpu\arm\cortex-m3\cpuport.c: 1 warning, 0 errors
compiling timer.c...
compiling backtrace.c...
compiling div0.c...
compiling showmem.c...
compiling pin.c...
compiling completion.c...
compiling serial.c...
compiling dataqueue.c...
compiling portal.c...
compiling pipe.c...
compiling mbfuncdiag.c...
compiling ringbuffer.c...
compiling workqueue.c...
compiling mbutils.c...
compiling mbcrc.c...
compiling mbfuncother.c...
compiling mbfunccoils.c...
compiling port.c...
compiling mbfuncdisc.c...
compiling mbfuncinput.c...
compiling mbrtu.c...
compiling mbfuncholding.c...
compiling portevent.c...
compiling portserial.c...
compiling mb.c...
..\..\components\net\freemodbus\modbus\mb.c(64): warning:  #550-D: variable "eMBCurrentMode"  was set but never used
  static eMBMode  eMBCurrentMode;
..\..\components\net\freemodbus\modbus\mb.c: 1 warning, 0 errors
compiling porttimer.c...
compiling user_mb_app.c...
linking...
Program Size: Code=35392 RO-data=3780 RW-data=576 ZI-data=8024  
After Build - User command #1: fromelf --bin .\build\rtthread-stm32.axf --output rtthread.bin
".\build\rtthread-stm32.axf" - 0 Error(s), 5 Warning(s).
Build Time Elapsed:  00:03:59
</pre>
</body>
</html>
